// Jest Snapshot v1, https://goo.gl/fbAQLP

exports[`Basket Test Renders Basket correctly 1`] = `
<div
  className="basket-wrapper"
>
  <div
    className="basket-button"
  >
    <div>
      Sepetim
    </div>
  </div>
  <div
    className="basket-opened"
  >
    <div
      className="basket-empty-wrapper"
    >
      <div
        className="basket-empty"
      >
        Sepetinizde ürün bulunmamaktadır.
      </div>
    </div>
  </div>
</div>
`;
