// Jest Snapshot v1, https://goo.gl/fbAQLP

exports[`Pagination Test Renders Pagination correctly 1`] = `
<div
  className="pagination-wrapper"
>
  <div
    className="pagination-element pagination-element-active"
    id="page-1"
    onClick={[Function]}
  >
    1
  </div>
  <div
    className="pagination-element"
    id="page-2"
    onClick={[Function]}
  >
    2
  </div>
  <div
    className="pagination-element"
    id="page-3"
    onClick={[Function]}
  >
    3
  </div>
  <div
    className="pagination-element"
    id="page-4"
    onClick={[Function]}
  >
    4
  </div>
  <div
    className="pagination-element pagination-next"
    id="next-page"
    onClick={[Function]}
  >
    &gt;
  </div>
</div>
`;
