// Jest Snapshot v1, https://goo.gl/fbAQLP

exports[`SideFilter Test Renders SideFilter correctly 1`] = `
<div
  className="side-filter-wrapper"
>
  <div
    className="side-filter-element"
  >
    <div
      className="filter-element-header"
    >
      Renk
    </div>
    <div
      className="filter-option-wrapper"
    >
      <div
        className="filter-option"
        onClick={[Function]}
      >
        Siyah
         (
        10
        )
      </div>
      <div
        className="filter-option"
        onClick={[Function]}
      >
        Lacivert
         (
        10
        )
      </div>
      <div
        className="filter-option"
        onClick={[Function]}
      >
        Sarı
         (
        10
        )
      </div>
      <div
        className="filter-option"
        onClick={[Function]}
      >
        Beyaz
         (
        10
        )
      </div>
    </div>
  </div>
  <div
    className="side-filter-element"
  >
    <div
      className="filter-element-header"
    >
      Sıralama
    </div>
    <div
      className="filter-option-wrapper"
    >
      <div
        className="filter-option"
        id="order-0"
        onClick={[Function]}
      >
        En Düşük Fiyat
      </div>
      <div
        className="filter-option"
        id="order-1"
        onClick={[Function]}
      >
        En Yüksek Fiyat
      </div>
      <div
        className="filter-option"
        id="order-2"
        onClick={[Function]}
      >
        En Yeniler (A&gt;Z)
      </div>
      <div
        className="filter-option"
        id="order-3"
        onClick={[Function]}
      >
        En Yeniler (Z&gt;A)
      </div>
    </div>
  </div>
  <div
    className="side-filter-element"
  >
    <div
      className="filter-element-header"
    >
      Marka
    </div>
    <div
      className="filter-option-wrapper"
    >
      <div
        className="filter-option"
        onClick={[Function]}
      >
        Apple
         (
        16
        )
      </div>
      <div
        className="filter-option"
        onClick={[Function]}
      >
        Samsung
         (
        12
        )
      </div>
      <div
        className="filter-option"
        onClick={[Function]}
      >
        Xiaomi
         (
        4
        )
      </div>
      <div
        className="filter-option"
        onClick={[Function]}
      >
        Huawei
         (
        4
        )
      </div>
      <div
        className="filter-option"
        onClick={[Function]}
      >
        LG
         (
        4
        )
      </div>
    </div>
  </div>
</div>
`;
